[    0.000000] Linux version 4.15.0-74-generic (buildd@lcy01-amd64-022) (gcc version 7.4.0 (Ubuntu 7.4.0-1ubuntu1~18.04.1)) #84-Ubuntu SMP Thu Dec 19 08:06:28 UTC 2019 (Ubuntu 4.15.0-74.84-generic 4.15.18)
[    0.000000] Command line: BOOT_IMAGE=/boot/vmlinuz-4.15.0-74-generic root=LABEL=cloudimg-rootfs ro console=tty1 console=ttyS0
[    0.000000] KERNEL supported cpus:
[    0.000000]   Intel GenuineIntel
[    0.000000]   AMD AuthenticAMD
[    0.000000]   Centaur CentaurHauls
[    0.000000] x86/fpu: Supporting XSAVE feature 0x001: 'x87 floating point registers'
[    0.000000] x86/fpu: Supporting XSAVE feature 0x002: 'SSE registers'
[    0.000000] x86/fpu: Supporting XSAVE feature 0x004: 'AVX registers'
[    0.000000] x86/fpu: xstate_offset[2]:  576, xstate_sizes[2]:  256
[    0.000000] x86/fpu: Enabled xstate features 0x7, context size is 832 bytes, using 'standard' format.
[    0.000000] e820: BIOS-provided physical RAM map:
[    0.000000] BIOS-e820: [mem 0x0000000000000000-0x000000000009fbff] usable
[    0.000000] BIOS-e820: [mem 0x000000000009fc00-0x000000000009ffff] reserved
[    0.000000] BIOS-e820: [mem 0x00000000000f0000-0x00000000000fffff] reserved
[    0.000000] BIOS-e820: [mem 0x0000000000100000-0x00000000dffeffff] usable
[    0.000000] BIOS-e820: [mem 0x00000000dfff0000-0x00000000dfffffff] ACPI data
[    0.000000] BIOS-e820: [mem 0x00000000fec00000-0x00000000fec00fff] reserved
[    0.000000] BIOS-e820: [mem 0x00000000fee00000-0x00000000fee00fff] reserved
[    0.000000] BIOS-e820: [mem 0x00000000fffc0000-0x00000000ffffffff] reserved
[    0.000000] BIOS-e820: [mem 0x0000000100000000-0x000000011fffffff] usable
[    0.000000] NX (Execute Disable) protection: active
[    0.000000] SMBIOS 2.5 present.
[    0.000000] DMI: innotek GmbH VirtualBox/VirtualBox, BIOS VirtualBox 12/01/2006
[    0.000000] Hypervisor detected: KVM
[    0.000000] e820: last_pfn = 0x120000 max_arch_pfn = 0x400000000
[    0.000000] MTRR: Disabled
[    0.000000] x86/PAT: MTRRs disabled, skipping PAT initialization too.
[    0.000000] CPU MTRRs all blank - virtualized system.
[    0.000000] x86/PAT: Configuration [0-7]: WB  WT  UC- UC  WB  WT  UC- UC  
[    0.000000] e820: last_pfn = 0xdfff0 max_arch_pfn = 0x400000000
[    0.000000] found SMP MP-table at [mem 0x0009fff0-0x0009ffff]
[    0.000000] Scanning 1 areas for low memory corruption
[    0.000000] RAMDISK: [mem 0x35a6f000-0x36d2efff]
[    0.000000] ACPI: Early table checksum verification disabled
[    0.000000] ACPI: RSDP 0x00000000000E0000 000024 (v02 VBOX  )
[    0.000000] ACPI: XSDT 0x00000000DFFF0030 00003C (v01 VBOX   VBOXXSDT 00000001 ASL  00000061)
[    0.000000] ACPI: FACP 0x00000000DFFF00F0 0000F4 (v04 VBOX   VBOXFACP 00000001 ASL  00000061)
[    0.000000] ACPI: DSDT 0x00000000DFFF0470 0022EA (v02 VBOX   VBOXBIOS 00000002 INTL 20100528)
[    0.000000] ACPI: FACS 0x00000000DFFF0200 000040
[    0.000000] ACPI: FACS 0x00000000DFFF0200 000040
[    0.000000] ACPI: APIC 0x00000000DFFF0240 00005C (v02 VBOX   VBOXAPIC 00000001 ASL  00000061)
[    0.000000] ACPI: SSDT 0x00000000DFFF02A0 0001CC (v01 VBOX   VBOXCPUT 00000002 INTL 20100528)
[    0.000000] No NUMA configuration found
[    0.000000] Faking a node at [mem 0x0000000000000000-0x000000011fffffff]
[    0.000000] NODE_DATA(0) allocated [mem 0x11ffd1000-0x11fffbfff]
[    0.000000] kvm-clock: cpu 0, msr 1:1ff50001, primary cpu clock
[    0.000000] kvm-clock: Using msrs 4b564d01 and 4b564d00
[    0.000000] kvm-clock: using sched offset of 3298217757 cycles
[    0.000000] clocksource: kvm-clock: mask: 0xffffffffffffffff max_cycles: 0x1cd42e4dffb, max_idle_ns: 881590591483 ns
[    0.000000] Zone ranges:
[    0.000000]   DMA      [mem 0x0000000000001000-0x0000000000ffffff]
[    0.000000]   DMA32    [mem 0x0000000001000000-0x00000000ffffffff]
[    0.000000]   Normal   [mem 0x0000000100000000-0x000000011fffffff]
[    0.000000]   Device   empty
[    0.000000] Movable zone start for each node
[    0.000000] Early memory node ranges
[    0.000000]   node   0: [mem 0x0000000000001000-0x000000000009efff]
[    0.000000]   node   0: [mem 0x0000000000100000-0x00000000dffeffff]
[    0.000000]   node   0: [mem 0x0000000100000000-0x000000011fffffff]
[    0.000000] Reserved but unavailable: 98 pages
[    0.000000] Initmem setup node 0 [mem 0x0000000000001000-0x000000011fffffff]
[    0.000000] ACPI: PM-Timer IO Port: 0x4008
[    0.000000] IOAPIC[0]: apic_id 2, version 32, address 0xfec00000, GSI 0-23
[    0.000000] ACPI: INT_SRC_OVR (bus 0 bus_irq 0 global_irq 2 dfl dfl)
[    0.000000] ACPI: INT_SRC_OVR (bus 0 bus_irq 9 global_irq 9 low level)
[    0.000000] Using ACPI (MADT) for SMP configuration information
[    0.000000] smpboot: Allowing 2 CPUs, 0 hotplug CPUs
[    0.000000] PM: Registered nosave memory: [mem 0x00000000-0x00000fff]
[    0.000000] PM: Registered nosave memory: [mem 0x0009f000-0x0009ffff]
[    0.000000] PM: Registered nosave memory: [mem 0x000a0000-0x000effff]
[    0.000000] PM: Registered nosave memory: [mem 0x000f0000-0x000fffff]
[    0.000000] PM: Registered nosave memory: [mem 0xdfff0000-0xdfffffff]
[    0.000000] PM: Registered nosave memory: [mem 0xe0000000-0xfebfffff]
[    0.000000] PM: Registered nosave memory: [mem 0xfec00000-0xfec00fff]
[    0.000000] PM: Registered nosave memory: [mem 0xfec01000-0xfedfffff]
[    0.000000] PM: Registered nosave memory: [mem 0xfee00000-0xfee00fff]
[    0.000000] PM: Registered nosave memory: [mem 0xfee01000-0xfffbffff]
[    0.000000] PM: Registered nosave memory: [mem 0xfffc0000-0xffffffff]
[    0.000000] e820: [mem 0xe0000000-0xfebfffff] available for PCI devices
[    0.000000] Booting paravirtualized kernel on KVM
[    0.000000] clocksource: refined-jiffies: mask: 0xffffffff max_cycles: 0xffffffff, max_idle_ns: 7645519600211568 ns
[    0.000000] random: get_random_bytes called from start_kernel+0x99/0x4fd with crng_init=0
[    0.000000] setup_percpu: NR_CPUS:8192 nr_cpumask_bits:2 nr_cpu_ids:2 nr_node_ids:1
[    0.000000] percpu: Embedded 45 pages/cpu s147456 r8192 d28672 u1048576
[    0.000000] PV qspinlock hash table entries: 256 (order: 0, 4096 bytes)
[    0.000000] Built 1 zonelists, mobility grouping on.  Total pages: 1032057
[    0.000000] Policy zone: Normal
[    0.000000] Kernel command line: BOOT_IMAGE=/boot/vmlinuz-4.15.0-74-generic root=LABEL=cloudimg-rootfs ro console=tty1 console=ttyS0
[    0.000000] Memory: 4013688K/4193848K available (12300K kernel code, 2481K rwdata, 4260K rodata, 2428K init, 2704K bss, 180160K reserved, 0K cma-reserved)
[    0.000000] SLUB: HWalign=64, Order=0-3, MinObjects=0, CPUs=2, Nodes=1
[    0.000000] Kernel/User page tables isolation: enabled
[    0.000000] ftrace: allocating 39322 entries in 154 pages
[    0.004000] Hierarchical RCU implementation.
[    0.004000] 	RCU restricting CPUs from NR_CPUS=8192 to nr_cpu_ids=2.
[    0.004000] 	Tasks RCU enabled.
[    0.004000] RCU: Adjusting geometry for rcu_fanout_leaf=16, nr_cpu_ids=2
[    0.004000] NR_IRQS: 524544, nr_irqs: 440, preallocated irqs: 16
[    0.004000] Console: colour VGA+ 80x25
[    0.004000] console [tty1] enabled
[    0.004000] console [ttyS0] enabled
[    0.004000] ACPI: Core revision 20170831
[    0.004000] ACPI: 2 ACPI AML tables successfully acquired and loaded
[    0.004000] APIC: Switch to symmetric I/O mode setup
[    0.004000] x2apic enabled
[    0.004000] Switched APIC routing to physical x2apic.
[    0.004000] ..TIMER: vector=0x30 apic1=0 pin1=2 apic2=-1 pin2=-1
[    0.004005] tsc: Detected 3990.762 MHz processor
[    0.004648] Calibrating delay loop (skipped) preset value.. 7981.52 BogoMIPS (lpj=15963048)
[    0.005211] pid_max: default: 32768 minimum: 301
[    0.005885] Security Framework initialized
[    0.006616] Yama: becoming mindful.
[    0.008029] AppArmor: AppArmor initialized
[    0.011096] Dentry cache hash table entries: 524288 (order: 10, 4194304 bytes)
[    0.013185] Inode-cache hash table entries: 262144 (order: 9, 2097152 bytes)
[    0.014165] Mount-cache hash table entries: 8192 (order: 4, 65536 bytes)
[    0.015120] Mountpoint-cache hash table entries: 8192 (order: 4, 65536 bytes)
[    0.016195] Last level iTLB entries: 4KB 1024, 2MB 1024, 4MB 1024
[    0.017035] Last level dTLB entries: 4KB 1024, 2MB 1024, 4MB 1024, 1GB 4
[    0.018016] Spectre V1 : Mitigation: usercopy/swapgs barriers and __user pointer sanitization
[    0.019331] Spectre V2 : Mitigation: Full generic retpoline
[    0.020001] Spectre V2 : Spectre v2 / SpectreRSB mitigation: Filling RSB on context switch
[    0.021170] Speculative Store Bypass: Vulnerable
[    0.021836] MDS: Mitigation: Clear CPU buffers
[    0.022599] Freeing SMP alternatives memory: 36K
[    0.132595] smpboot: CPU0: Intel(R) Core(TM) i7-4790K CPU @ 4.00GHz (family: 0x6, model: 0x3c, stepping: 0x3)
[    0.134546] Performance Events: unsupported p6 CPU model 60 no PMU driver, software events only.
[    0.135791] Hierarchical SRCU implementation.
[    0.136488] NMI watchdog: Perf event create on CPU 0 failed with -2
[    0.137389] NMI watchdog: Perf NMI watchdog permanently disabled
[    0.138245] smp: Bringing up secondary CPUs ...
[    0.140044] x86: Booting SMP configuration:
[    0.140675] .... node  #0, CPUs:      #1
[    0.004000] kvm-clock: cpu 1, msr 1:1ff50041, secondary cpu clock
[    0.144018] smp: Brought up 1 node, 2 CPUs
[    0.144708] smpboot: Max logical packages: 1
[    0.145379] smpboot: Total of 2 processors activated (15963.04 BogoMIPS)
[    0.146547] devtmpfs: initialized
[    0.148042] x86/mm: Memory block size: 128MB
[    0.148924] evm: security.selinux
[    0.149549] evm: security.SMACK64
[    0.150032] evm: security.SMACK64EXEC
[    0.150596] evm: security.SMACK64TRANSMUTE
[    0.151167] evm: security.SMACK64MMAP
[    0.151720] evm: security.apparmor
[    0.152002] evm: security.ima
[    0.152498] evm: security.capability
[    0.153033] clocksource: jiffies: mask: 0xffffffff max_cycles: 0xffffffff, max_idle_ns: 7645041785100000 ns
[    0.153394] futex hash table entries: 512 (order: 3, 32768 bytes)
[    0.154281] pinctrl core: initialized pinctrl subsystem
[    0.156078] RTC time: 11:23:53, date: 01/19/20
[    0.156967] NET: Registered protocol family 16
[    0.157716] audit: initializing netlink subsys (disabled)
[    0.158488] audit: type=2000 audit(1579433038.322:1): state=initialized audit_enabled=0 res=1
[    0.160008] cpuidle: using governor ladder
[    0.160646] cpuidle: using governor menu
[    0.161305] ACPI: bus type PCI registered
[    0.161882] acpiphp: ACPI Hot Plug PCI Controller Driver version: 0.5
[    0.162819] PCI: Using configuration type 1 for base access
[    0.164721] HugeTLB registered 2.00 MiB page size, pre-allocated 0 pages
[    0.165005] ACPI: Added _OSI(Module Device)
[    0.165005] ACPI: Added _OSI(Processor Device)
[    0.165301] ACPI: Added _OSI(3.0 _SCP Extensions)
[    0.168004] ACPI: Added _OSI(Processor Aggregator Device)
[    0.168897] ACPI: Added _OSI(Linux-Dell-Video)
[    0.169560] ACPI: Added _OSI(Linux-Lenovo-NV-HDMI-Audio)
[    0.170536] ACPI: Added _OSI(Linux-HPI-Hybrid-Graphics)
[    0.172260] ACPI: Executed 1 blocks of module-level executable AML code
[    0.175412] ACPI: Interpreter enabled
[    0.175960] ACPI: (supports S0 S5)
[    0.176002] ACPI: Using IOAPIC for interrupt routing
[    0.176925] PCI: Using host bridge windows from ACPI; if necessary, use "pci=nocrs" and report a bug
[    0.178280] ACPI: Enabled 2 GPEs in block 00 to 07
[    0.184282] ACPI: PCI Root Bridge [PCI0] (domain 0000 [bus 00-ff])
[    0.185209] acpi PNP0A03:00: _OSC: OS supports [ASPM ClockPM Segments MSI]
[    0.186457] acpi PNP0A03:00: _OSC: not requesting OS control; OS requires [ExtendedConfig ASPM ClockPM MSI]
[    0.187880] acpi PNP0A03:00: fail to add MMCONFIG information, can't access extended PCI configuration space under this bridge.
[    0.188304] PCI host bridge to bus 0000:00
[    0.188897] pci_bus 0000:00: root bus resource [io  0x0000-0x0cf7 window]
[    0.189816] pci_bus 0000:00: root bus resource [io  0x0d00-0xffff window]
[    0.192003] pci_bus 0000:00: root bus resource [mem 0x000a0000-0x000bffff window]
[    0.193149] pci_bus 0000:00: root bus resource [mem 0xe0000000-0xfdffffff window]
[    0.194271] pci_bus 0000:00: root bus resource [bus 00-ff]
[    0.197443] pci 0000:00:01.1: legacy IDE quirk: reg 0x10: [io  0x01f0-0x01f7]
[    0.198434] pci 0000:00:01.1: legacy IDE quirk: reg 0x14: [io  0x03f6]
[    0.199385] pci 0000:00:01.1: legacy IDE quirk: reg 0x18: [io  0x0170-0x0177]
[    0.200002] pci 0000:00:01.1: legacy IDE quirk: reg 0x1c: [io  0x0376]
[    0.241837] pci 0000:00:07.0: quirk: [io  0x4000-0x403f] claimed by PIIX4 ACPI
[    0.242903] pci 0000:00:07.0: quirk: [io  0x4100-0x410f] claimed by PIIX4 SMB
[    0.269607] ACPI: PCI Interrupt Link [LNKA] (IRQs 5 9 10 *11)
[    0.270690] ACPI: PCI Interrupt Link [LNKB] (IRQs 5 9 *10 11)
[    0.272065] ACPI: PCI Interrupt Link [LNKC] (IRQs 5 *9 10 11)
[    0.273115] ACPI: PCI Interrupt Link [LNKD] (IRQs 5 9 10 *11)
[    0.274348] SCSI subsystem initialized
[    0.275219] pci 0000:00:02.0: vgaarb: setting as boot VGA device
[    0.275219] pci 0000:00:02.0: vgaarb: VGA device added: decodes=io+mem,owns=io+mem,locks=none
[    0.276008] pci 0000:00:02.0: vgaarb: bridge control possible
[    0.276854] vgaarb: loaded
[    0.277302] ACPI: bus type USB registered
[    0.277896] usbcore: registered new interface driver usbfs
[    0.280016] usbcore: registered new interface driver hub
[    0.280834] usbcore: registered new device driver usb
[    0.281582] EDAC MC: Ver: 3.0.0
[    0.281582] PCI: Using ACPI for IRQ routing
[    0.281582] NetLabel: Initializing
[    0.284005] NetLabel:  domain hash size = 128
[    0.284677] NetLabel:  protocols = UNLABELED CIPSOv4 CALIPSO
[    0.285768] NetLabel:  unlabeled traffic allowed by default
[    0.286602] clocksource: Switched to clocksource kvm-clock
[    0.296698] VFS: Disk quotas dquot_6.6.0
[    0.297364] VFS: Dquot-cache hash table entries: 512 (order 0, 4096 bytes)
[    0.298358] AppArmor: AppArmor Filesystem Enabled
[    0.299043] pnp: PnP ACPI init
[    0.300511] pnp: PnP ACPI: found 3 devices
[    0.309179] clocksource: acpi_pm: mask: 0xffffff max_cycles: 0xffffff, max_idle_ns: 2085701024 ns
[    0.310459] NET: Registered protocol family 2
[    0.311197] TCP established hash table entries: 32768 (order: 6, 262144 bytes)
[    0.312332] TCP bind hash table entries: 32768 (order: 7, 524288 bytes)
[    0.313300] TCP: Hash tables configured (established 32768 bind 32768)
[    0.314225] UDP hash table entries: 2048 (order: 4, 65536 bytes)
[    0.315053] UDP-Lite hash table entries: 2048 (order: 4, 65536 bytes)
[    0.315955] NET: Registered protocol family 1
[    0.316625] pci 0000:00:00.0: Limiting direct PCI/PCI transfers
[    0.317559] pci 0000:00:01.0: Activating ISA DMA hang workarounds
[    0.318531] pci 0000:00:02.0: Video device with shadowed ROM at [mem 0x000c0000-0x000dffff]
[    0.320067] Unpacking initramfs...
[    0.523790] Freeing initrd memory: 19200K
[    0.524543] PCI-DMA: Using software bounce buffering for IO (SWIOTLB)
[    0.525476] software IO TLB: mapped [mem 0xdbff0000-0xdfff0000] (64MB)
[    0.526587] clocksource: tsc: mask: 0xffffffffffffffff max_cycles: 0x730c8be8151, max_idle_ns: 881591058046 ns
[    0.528125] platform rtc_cmos: registered platform RTC device (no PNP device found)
[    0.529245] Scanning for low memory corruption every 60 seconds
[    0.531088] Initialise system trusted keyrings
[    0.531802] Key type blacklist registered
[    0.532574] workingset: timestamp_bits=36 max_order=20 bucket_order=0
[    0.534089] zbud: loaded
[    0.535922] squashfs: version 4.0 (2009/01/31) Phillip Lougher
[    0.537030] fuse init (API version 7.26)
[    0.539740] Key type asymmetric registered
[    0.540393] Asymmetric key parser 'x509' registered
[    0.541148] Block layer SCSI generic (bsg) driver version 0.4 loaded (major 246)
[    0.542272] io scheduler noop registered
[    0.542857] io scheduler deadline registered
[    0.543492] io scheduler cfq registered (default)
[    0.544562] ACPI: AC Adapter [AC] (on-line)
[    0.545191] input: Power Button as /devices/LNXSYSTM:00/LNXPWRBN:00/input/input0
[    0.546291] ACPI: Power Button [PWRF]
[    0.546886] input: Sleep Button as /devices/LNXSYSTM:00/LNXSLPBN:00/input/input1
[    0.547982] ACPI: Sleep Button [SLPF]
[    0.548893] Serial: 8250/16550 driver, 32 ports, IRQ sharing enabled
[    0.570612] 00:02: ttyS0 at I/O 0x3f8 (irq = 4, base_baud = 115200) is a 16550A
[    0.574295] Linux agpgart interface v0.103
[    0.577032] loop: module loaded
[    0.577983] scsi host0: ata_piix
[    0.578633] scsi host1: ata_piix
[    0.579129] ata1: PATA max UDMA/33 cmd 0x1f0 ctl 0x3f6 bmdma 0xd000 irq 14
[    0.580179] ata2: PATA max UDMA/33 cmd 0x170 ctl 0x376 bmdma 0xd008 irq 15
[    0.581485] libphy: Fixed MDIO Bus: probed
[    0.582181] tun: Universal TUN/TAP device driver, 1.6
[    0.582963] PPP generic driver version 2.4.2
[    0.583666] ehci_hcd: USB 2.0 'Enhanced' Host Controller (EHCI) Driver
[    0.584759] ehci-pci: EHCI PCI platform driver
[    0.585464] ehci-platform: EHCI generic platform driver
[    0.586199] ohci_hcd: USB 1.1 'Open' Host Controller (OHCI) Driver
[    0.587039] ohci-pci: OHCI PCI platform driver
[    0.587674] ohci-platform: OHCI generic platform driver
[    0.588471] uhci_hcd: USB Universal Host Controller Interface driver
[    0.589437] i8042: PNP: PS/2 Controller [PNP0303:PS2K,PNP0f03:PS2M] at 0x60,0x64 irq 1,12
[    0.590930] serio: i8042 KBD port at 0x60,0x64 irq 1
[    0.591687] serio: i8042 AUX port at 0x60,0x64 irq 12
[    0.592605] mousedev: PS/2 mouse device common for all mice
[    0.593911] rtc_cmos rtc_cmos: rtc core: registered rtc_cmos as rtc0
[    0.594824] input: AT Translated Set 2 keyboard as /devices/platform/i8042/serio0/input/input2
[    0.596295] rtc_cmos rtc_cmos: alarms up to one day, 114 bytes nvram
[    0.597271] i2c /dev entries driver
[    0.597811] device-mapper: uevent: version 1.0.3
[    0.598550] device-mapper: ioctl: 4.37.0-ioctl (2017-09-20) initialised: dm-devel@redhat.com
[    0.599760] ledtrig-cpu: registered to indicate activity on CPUs
[    0.600984] NET: Registered protocol family 10
[    0.604666] Segment Routing with IPv6
[    0.605261] NET: Registered protocol family 17
[    0.605946] Key type dns_resolver registered
[    0.606722] mce: Using 0 MCE banks
[    0.607279] RAS: Correctable Errors collector initialized.
[    0.608188] sched_clock: Marking stable (608170908, 0)->(835327453, -227156545)
[    0.609788] registered taskstats version 1
[    0.610384] Loading compiled-in X.509 certificates
[    0.612812] Loaded X.509 cert 'Build time autogenerated kernel key: 62d24f9c726e026b112735485dad6e6e4b50c923'
[    0.614228] zswap: loaded using pool lzo/zbud
[    0.617583] Key type big_key registered
[    0.618164] Key type trusted registered
[    0.620120] Key type encrypted registered
[    0.620854] AppArmor: AppArmor sha1 policy hashing enabled
[    0.621757] ima: No TPM chip found, activating TPM-bypass! (rc=-19)
[    0.622601] ima: Allocated hash algorithm: sha1
[    0.623368] evm: HMAC attrs: 0x1
[    0.624254]   Magic number: 4:385:378
[    0.624930] rtc_cmos rtc_cmos: setting system clock to 2020-01-19 11:23:54 UTC (1579433034)
[    0.626508] BIOS EDD facility v0.16 2004-Jun-25, 0 devices found
[    0.627428] EDD information not available.
[    0.742006] Freeing unused kernel image memory: 2428K
[    1.108475] Write protecting the kernel read-only data: 20480k
[    1.109780] Freeing unused kernel image memory: 2008K
[    1.110812] Freeing unused kernel image memory: 1884K
[    1.115923] x86/mm: Checked W+X mappings: passed, no W+X pages found.
[    1.116837] x86/mm: Checking user space page tables
[    1.121860] x86/mm: Checked W+X mappings: passed, no W+X pages found.
Loading, please wait...
starting version 237
[    1.171754] e1000: Intel(R) PRO/1000 Network Driver - version 7.3.21-k8-NAPI
[    1.172868] e1000: Copyright (c) 1999-2006 Intel Corporation.
[    1.175439] Fusion MPT base driver 3.04.20
[    1.176121] Copyright (c) 1999-2008 LSI Corporation
[    1.190323] AVX2 version of gcm_enc/dec engaged.
[    1.191058] AES CTR mode by8 optimization enabled
[    1.199865] Fusion MPT SPI Host driver 3.04.20
[    1.412211] input: ImExPS/2 Generic Explorer Mouse as /devices/platform/i8042/serio1/input/input4
[    1.580422] e1000 0000:00:03.0 eth0: (PCI:33MHz:32-bit) 02:22:e7:1f:39:14
[    1.581684] e1000 0000:00:03.0 eth0: Intel(R) PRO/1000 Network Connection
[    2.491834] e1000 0000:00:08.0 eth1: (PCI:33MHz:32-bit) 08:00:27:f9:24:6e
[    2.492884] e1000 0000:00:08.0 eth1: Intel(R) PRO/1000 Network Connection
[    2.494709] e1000 0000:00:03.0 enp0s3: renamed from eth0
[    2.508256] mptbase: ioc0: Initiating bringup
[    2.516419] e1000 0000:00:08.0 enp0s8: renamed from eth1
[    3.305165] ioc0: LSI53C1030 A0: Capabilities={Initiator}
[    4.450816] scsi host2: ioc0: LSI53C1030 A0, FwRev=00000000h, Ports=1, MaxQ=256, IRQ=20
[    5.456766] scsi 2:0:0:0: Direct-Access     VBOX     HARDDISK         1.0  PQ: 0 ANSI: 5
[    5.488536] scsi target2:0:0: Beginning Domain Validation
[    5.491051] scsi target2:0:0: Domain Validation skipping write tests
[    5.492072] scsi target2:0:0: Ending Domain Validation
[    5.492962] scsi target2:0:0: asynchronous
[    5.494104] scsi 2:0:1:0: Direct-Access     VBOX     HARDDISK         1.0  PQ: 0 ANSI: 5
[    5.524418] scsi target2:0:1: Beginning Domain Validation
[    5.526650] random: fast init done
[    5.527291] scsi target2:0:1: Domain Validation skipping write tests
[    5.528168] scsi target2:0:1: Ending Domain Validation
[    5.529173] scsi target2:0:1: asynchronous
[    5.533026] random: systemd-udevd: uninitialized urandom read (16 bytes read)
[    5.533031] sd 2:0:0:0: Attached scsi generic sg0 type 0
[    5.534138] random: systemd-udevd: uninitialized urandom read (16 bytes read)
[    5.534980] sd 2:0:1:0: Attached scsi generic sg1 type 0
[    5.535943] random: systemd-udevd: uninitialized urandom read (16 bytes read)
[    5.537856] sd 2:0:0:0: [sda] 20971520 512-byte logical blocks: (10.7 GB/10.0 GiB)
[    5.539077] sd 2:0:0:0: [sda] Write Protect is off
[    5.539114] sd 2:0:1:0: [sdb] 20480 512-byte logical blocks: (10.5 MB/10.0 MiB)
[    5.540963] sd 2:0:1:0: [sdb] Write Protect is off
[    5.541026] sd 2:0:0:0: [sda] Incomplete mode parameter data
[    5.542840] sd 2:0:0:0: [sda] Assuming drive cache: write through
[    5.543838] sd 2:0:1:0: [sdb] Incomplete mode parameter data
[    5.544776] sd 2:0:1:0: [sdb] Assuming drive cache: write through
[    5.547150]  sda: sda1
[    5.548608] sd 2:0:0:0: [sda] Attached SCSI disk
[    5.549456] sd 2:0:1:0: [sdb] Attached SCSI disk
Begin: Loading essential drivers ... [    6.888009] raid6: sse2x1   gen() 14440 MB/s
[    6.936187] raid6: sse2x1   xor() 10117 MB/s
[    6.984505] raid6: sse2x2   gen() 17252 MB/s
[    7.032139] raid6: sse2x2   xor() 11156 MB/s
[    7.080119] raid6: sse2x4   gen() 19827 MB/s
[    7.128206] raid6: sse2x4   xor() 12127 MB/s
[    7.176525] raid6: avx2x1   gen() 28237 MB/s
[    7.224025] raid6: avx2x1   xor() 17131 MB/s
[    7.272052] raid6: avx2x2   gen() 30457 MB/s
[    7.320030] raid6: avx2x2   xor() 16831 MB/s
[    7.368024] raid6: avx2x4   gen() 31535 MB/s
[    7.416038] raid6: avx2x4   xor() 20553 MB/s
[    7.416763] raid6: using algorithm avx2x4 gen() 31535 MB/s
[    7.417634] raid6: .... xor() 20553 MB/s, rmw enabled
[    7.418426] raid6: using avx2x2 recovery algorithm
[    7.421013] xor: automatically using best checksumming function   avx       
[    7.423559] async_tx: api initialized (async)
done.
Begin: Running /scripts/init-premount ... done.
Begin: Mounting root file system ... Begin: Running /scripts/local-top ... done.
Begin: Running /scripts/local-premount ... [    7.462412] Btrfs loaded, crc32c=crc32c-intel
Scanning for Btrfs filesystems
done.
Warning: fsck not present, so skipping root file system
[    7.481121] EXT4-fs (sda1): mounted filesystem with ordered data mode. Opts: (null)
done.
Begin: Running /scripts/local-bottom ... done.
Begin: Running /scripts/init-bottom ... done.
[    7.594555] ip_tables: (C) 2000-2006 Netfilter Core Team
[    7.600856] systemd[1]: systemd 237 running in system mode. (+PAM +AUDIT +SELINUX +IMA +APPARMOR +SMACK +SYSVINIT +UTMP +LIBCRYPTSETUP +GCRYPT +GNUTLS +ACL +XZ +LZ4 +SECCOMP +BLKID +ELFUTILS +KMOD -IDN2 +IDN -PCRE2 default-hierarchy=hybrid)
[    7.604206] systemd[1]: Detected virtualization oracle.
[    7.605037] systemd[1]: Detected architecture x86-64.

Welcome to [1mUbuntu 18.04.3 LTS[0m!

[    7.610911] systemd[1]: Set hostname to <ubuntu>.
[    7.617332] systemd[1]: Initializing machine ID from random generator.
[    7.618318] systemd[1]: Installed transient /etc/machine-id file.
[    7.774125] systemd[1]: Reached target User and Group Name Lookups.
[[0;32m  OK  [0m] Reached target User and Group Name Lookups.
[    7.775894] systemd[1]: Reached target Swap.
[[0;32m  OK  [0m] Reached target Swap.
[    7.777174] systemd[1]: Started Forward Password Requests to Wall Directory Watch.
[[0;32m  OK  [0m] Started Forward Password Requests to Wall Directory Watch.
[    7.779315] systemd[1]: Set up automount Arbitrary Executable File Formats File System Automount Point.
[[0;32m  OK  [0m] Set up automount Arbitrary Executabâ€¦rmats File System Automount Point.
[[0;32m  OK  [0m] Created slice System Slice.
[[0;32m  OK  [0m] Listening on udev Kernel Socket.
[[0;32m  OK  [0m] Listening on LVM2 poll daemon socket.
[[0;32m  OK  [0m] Listening on Syslog Socket.
[[0;32m  OK  [0m] Listening on Network Service Netlink Socket.
[[0;32m  OK  [0m] Listening on Journal Socket (/dev/log).
[[0;32m  OK  [0m] Reached target System Time Synchronized.
[[0;32m  OK  [0m] Listening on Journal Audit Socket.
[[0;32m  OK  [0m] Created slice User and Session Slice.
[[0;32m  OK  [0m] Reached target Slices.
[[0;32m  OK  [0m] Listening on Device-mapper event daemon FIFOs.
[[0;32m  OK  [0m] Listening on /dev/initctl Compatibility Named Pipe.
[[0;32m  OK  [0m] Listening on LVM2 metadata daemon socket.
[[0;32m  OK  [0m] Created slice system-serial\x2dgetty.slice.
[[0;32m  OK  [0m] Listening on Journal Socket.
         Starting Monitoring of LVM2 mirrorsâ€¦ng dmeventd or progress polling...
         Mounting Huge Pages File System...
         Mounting Kernel Debug File System...
         Starting Load Kernel Modules...
         Starting Journal Service...
         Starting Remount Root and Kernel File Systems...
         Starting Set the console keyboard layout...
         Starting Uncomplicated firewall...
         Mounting POSIX Message Queue File System...
         Starting Create list of required stâ€¦ce nodes for the current kernel...
[[0;32m  OK  [0m] Listening on udev Control Socket.
[    7.828933] Loading iSCSI transport class v2.0-870.
[    7.833021] iscsi: registered transport (tcp)
         Starting udev Coldplug all Devices...
[[0;32m  OK  [0m] Mounted Huge Pages File System.
[    7.845707] iscsi: registered transport (iser)
[[0;32m  OK  [0m] Mounted Kernel Debug File System.
[[0;32m  OK  [0m] Started Load Kernel Modules.
[[0;32m  OK  [0m] Started Uncomplicated firewall.
[[0;32m  OK  [0m] Mounted POSIX Message Queue File System.
[[0;32m  OK  [0m] Started Create list of required staâ€¦vice nodes for the current kernel.
[[0;32m  OK  [0m] Started LVM2 metadata daemon.
         Starting Create Static Device Nodes in /dev...
         Starting Apply Kernel Variables...
         Mounting Kernel Configuration File System...
         Mounting FUSE Control File System...
[[0;32m  OK  [0m] Mounted FUSE Control File System.
[[0;32m  OK  [0m] Mounted Kernel Configuration File System.
[    7.903103] EXT4-fs (sda1): re-mounted. Opts: (null)
[[0;32m  OK  [0m] Started Journal Service.
[[0;32m  OK  [0m] Started Remount Root and Kernel File Systems.
         Starting Load/Save Random Seed...
         Starting Flush Journal to Persistent Storage...
[[0;32m  OK  [0m] Started udev Coldplug all Devices.
[[0;32m  OK  [0m] Started Create Static Device Nodes in /dev.
         Starting udev Kernel Device Manager...
[[0;32m  OK  [0m] Started Monitoring of LVM2 mirrors,â€¦sing dmeventd or progress polling.
[[0;32m  OK  [0m] Started Load/Save Random Seed.
[[0;32m  OK  [0m] Started Apply Kernel Variables.
[[0;32m  OK  [0m] Started udev Kernel Device Manager.
[[0;32m  OK  [0m] Started Flush Journal to Persistent Storage.
[[0;32m  OK  [0m] Started Set the console keyboard layout.
[[0;32m  OK  [0m] Reached target Local File Systems (Pre).
[[0;32m  OK  [0m] Reached target Local File Systems.
         Starting AppArmor initialization...
         Starting Set console font and keymap...
         Starting ebtables ruleset management...
         Starting Commit a transient machine-id on disk...
         Starting Create Volatile Files and Directories...
         Starting Tell Plymouth To Write Out Runtime Data...
[[0;32m  OK  [0m] Started Dispatch Password Requests to Console Directory Watch.
[[0;32m  OK  [0m] Reached target Local Encrypted Volumes.
[[0;32m  OK  [0m] Started Set console font and keymap.
[[0;32m  OK  [0m] Started Create Volatile Files and Directories.
[[0;32m  OK  [0m] Started Tell Plymouth To Write Out Runtime Data.
         Starting Update UTMP about System Boot/Shutdown...
[[0;32m  OK  [0m] Started Update UTMP about System Boot/Shutdown.
[[0;32m  OK  [0m] Started Commit a transient machine-id on disk.
[[0;32m  OK  [0m] Started ebtables ruleset management.
[[0;32m  OK  [0m] Found device /dev/ttyS0.
[[0;32m  OK  [0m] Listening on Load/Save RF Kill Switch Status /dev/rfkill Watch.
[[0;32m  OK  [0m] Started AppArmor initialization.
         Starting Initial cloud-init job (pre-networking)...
[    9.460556] cloud-init[539]: Cloud-init v. 19.3-41-gc4735dd3-0ubuntu1~18.04.1 running 'init-local' at Sun, 19 Jan 2020 11:24:03 +0000. Up 9.19 seconds.
[[0;32m  OK  [0m] Started Initial cloud-init job (pre-networking).
[[0;32m  OK  [0m] Reached target Network (Pre).
         Starting Network Service...
[[0;32m  OK  [0m] Started Network Service.
         Starting Wait for Network to be Configured...
         Starting Network Name Resolution...
[[0;32m  OK  [0m] Started Network Name Resolution.
[[0;32m  OK  [0m] Reached target Network.
[[0;32m  OK  [0m] Reached target Host and Network Name Lookups.
[[0;32m  OK  [0m] Started Wait for Network to be Configured.
         Starting Initial cloud-init job (metadata service crawler)...
[   10.947094] cloud-init[651]: Cloud-init v. 19.3-41-gc4735dd3-0ubuntu1~18.04.1 running 'init' at Sun, 19 Jan 2020 11:24:04 +0000. Up 10.84 seconds.
[   10.948386] cloud-init[651]: ci-info: ++++++++++++++++++++++++++++++++++++++Net device info+++++++++++++++++++++++++++++++++++++++
[   10.949591] cloud-init[651]: ci-info: +--------+-------+----------------------------+---------------+--------+-------------------+
[   10.950752] cloud-init[651]: ci-info: | Device |   Up  |          Address           |      Mask     | Scope  |     Hw-Address    |
[   10.951846] cloud-init[651]: ci-info: +--------+-------+----------------------------+---------------+--------+-------------------+
[   10.953118] cloud-init[651]: ci-info: | enp0s3 |  True |         10.0.2.15          | 255.255.255.0 | global | 02:22:e7:1f:39:14 |
[   10.964263] cloud-init[651]: ci-info: | enp0s3 |  True | fe80::22:e7ff:fe1f:3914/64 |       .       |  link  | 02:22:e7:1f:39:14 |
[   10.965233] cloud-init[651]: ci-info: | enp0s8 | False |             .              |       .       |   .    | 08:00:27:f9:24:6e |
[   10.980150] cloud-init[651]: ci-info: |   lo   |  True |         127.0.0.1          |   255.0.0.0   |  host  |         .         |
[   10.981803] cloud-init[651]: ci-info: |   lo   |  True |          ::1/128           |       .       |  host  |         .         |
[   10.996161] cloud-init[651]: ci-info: +--------+-------+----------------------------+---------------+--------+-------------------+
[   10.997260] cloud-init[651]: ci-info: ++++++++++++++++++++++++++++Route IPv4 info+++++++++++++++++++++++++++++
[   11.008143] cloud-init[651]: ci-info: +-------+-------------+----------+-----------------+-----------+-------+
[   11.008925] cloud-init[651]: ci-info: | Route | Destination | Gateway  |     Genmask     | Interface | Flags |
[   11.009992] cloud-init[651]: ci-info: +-------+-------------+----------+-----------------+-----------+-------+
[   11.010899] cloud-init[651]: ci-info: |   0   |   0.0.0.0   | 10.0.2.2 |     0.0.0.0     |   enp0s3  |   UG  |
[   11.011744] cloud-init[651]: ci-info: |   1   |   10.0.2.0  | 0.0.0.0  |  255.255.255.0  |   enp0s3  |   U   |
[   11.012488] cloud-init[651]: ci-info: |   2   |   10.0.2.2  | 0.0.0.0  | 255.255.255.255 |   enp0s3  |   UH  |
[   11.013422] cloud-init[651]: ci-info: +-------+-------------+----------+-----------------+-----------+-------+
[   11.014302] cloud-init[651]: ci-info: +++++++++++++++++++Route IPv6 info+++++++++++++++++++
[   11.028302] cloud-init[651]: ci-info: +-------+-------------+---------+-----------+-------+
[   11.040622] cloud-init[651]: ci-info: | Route | Destination | Gateway | Interface | Flags |
[   11.052893] cloud-init[651]: ci-info: +-------+-------------+---------+-----------+-------+
[   11.053836] cloud-init[651]: ci-info: |   1   |  fe80::/64  |    ::   |   enp0s3  |   U   |
[   11.064377] cloud-init[651]: ci-info: |   3   |    local    |    ::   |   enp0s3  |   U   |
[   11.079870] cloud-init[651]: ci-info: |   4   |   ff00::/8  |    ::   |   enp0s3  |   U   |
[   11.081045] cloud-init[651]: ci-info: +-------+-------------+---------+-----------+-------+
[   12.398490] cloud-init[651]: Generating public/private rsa key pair.
[   12.408267] cloud-init[651]: Your identification has been saved in /etc/ssh/ssh_host_rsa_key.
[   12.409264] cloud-init[651]: Your public key has been saved in /etc/ssh/ssh_host_rsa_key.pub.
[   12.410279] cloud-init[651]: The key fingerprint is:
[   12.420214] cloud-init[651]: SHA256:q8aDLTvvXms7beeWvyiuR+NPJSFx5bbhsNvCPVoK1fE root@ubuntu-bionic
[   12.421367] cloud-init[651]: The key's randomart image is:
[   12.422131] cloud-init[651]: +---[RSA 2048]----+
[   12.422738] cloud-init[651]: |          . ...  |
[   12.423334] cloud-init[651]: |           o .   |
[   12.423930] cloud-init[651]: |          . o =  |
[   12.424571] cloud-init[651]: |           . B = |
[   12.425161] cloud-init[651]: |        S   + = E|
[   12.425752] cloud-init[651]: |         .oo *   |
[   12.426357] cloud-init[651]: |     +  o+..=.=  |
[   12.426979] cloud-init[651]: |    + =oo.*o+* . |
[   12.427597] cloud-init[651]: |    .O=o+B.**.o. |
[   12.428189] cloud-init[651]: +----[SHA256]-----+
[   12.428785] cloud-init[651]: Generating public/private dsa key pair.
[   12.429568] cloud-init[651]: Your identification has been saved in /etc/ssh/ssh_host_dsa_key.
[   12.430590] cloud-init[651]: Your public key has been saved in /etc/ssh/ssh_host_dsa_key.pub.
[   12.431718] cloud-init[651]: The key fingerprint is:
[   12.445827] cloud-init[651]: SHA256:EmJzxeXe6Wyn0LSnbu/0JYQaG1UHvUJGve2oGMrlJC0 root@ubuntu-bionic
[   12.446806] cloud-init[651]: The key's randomart image is:
[   12.458063] cloud-init[651]: +---[DSA 1024]----+
[   12.458698] cloud-init[651]: |       .... ..+o.|
[[0;32m  OK  [0m] Started Initial cloud-init job (metadata service crawler).
[[0;32m  OK  [0m] Reached target System Initialization.
[   12.474579] cloud-init[[0;32m  OK  [0m] Started Daily Cleanup of Temporary Directories.
[651]: |       ...   + o.|
[   12.477788] cloud-init[651]: |    + o   . +   +|
[   12.478471] cloud-init[651]: |   . + . . o + o.|
[   12.479226] cloud-init[651]: |      . S.+ = oo |
[   12.479834] cloud-init[651]: |       .E =X o. .|
[   12.480544] cloud-init[651]: |       . B+o*.= .|
[   12.481246] cloud-init[651]: |        o ooo* o.|
[   12.481903] cloud-init[651]: |           o+oo .|
[   12.482525] cloud-init[651]: +----[SHA256]-----+
[   12.483181] cloud-init[651]: Generating public/private ecdsa key pair.
[   12.484011] cloud-init[651]: Your identification has been saved in /etc/ssh/ssh_host_ecdsa_key.
[   12.485226] cloud-init[651]: Your public key has been saved in /etc/ssh/ssh_host_ecdsa_key.pub.
[   12.486466] cloud-init[651]: The key fingerprint is:[[0;32m  OK  [0m] Started ACPI Events Check.

[   12.488124]          Starting LXD - unix socket.
         Starting Socket activation for snappy daemon.
[[0;32m  OK  [0m] Listening on Open-iSCSI iscsid Socket.
[[0;32m  OK  [0m] Listening on ACPID Listen Socket.
[[0;32m  OK  [0m] Started Message of the Day.
[[0;32m  OK  [0m] Listening on D-Bus System Message Bus Socket.
[[0;32m  OK  [0m] Started Discard unused blocks once a week.
[[0;32m  OK  [0m] Started Daily apt download activities.
[[0;32m  OK  [0m] Started Daily apt upgrade and clean activities.
[[0;32m  OK  [0m] Listening on UUID daemon activation socket.
[[0;32m  OK  [0m] Reached target Timers.
cloud-init[651]: SHA256:+8hrRyGVQ/K7oSQBS/N78D5qRuXhVlM95z4IyKFXhHs root@ubuntu-bionic
[   12.498196] cloud-init[651]: The key's randomart image is:
[   12.499156] cloud-init[651]: +---[ECDSA 256]---+
[   12.499968] cloud-init[651]: |    +   ..+o .   |
[   12.500931] cloud-init[651]: |   . =   =+.. o .|
[   12.501830] cloud-init[651]: |    . + o.*o   + |
[   12.502736] cloud-init[651]: |       *+=+E    .|
[[0;32m  OK  [0m] Reached target Paths.
[   12.504627] cloud-init[651]: [[0;32m  OK  [0m] Reached target Cloud-config availability.
[[0;32m  OK  [0m] Reached target Network is Online.
|      o+S++o. .. |
         Starting Availability of block devices...
[   12.508940] [[0;32m  OK  [0m] Reached target Remote File Systems (Pre).
[[0;32m  OK  [0m] Reached target Remote File Systems.
[[0;32m  OK  [0m] Listening on LXD - unix socket.
[[0;32m  OK  [0m] Listening on Socket activation for snappy daemon.
[[0;32m  OK  [0m] Reached target Sockets.
[[0;32m  OK  [0m] Reached target Basic System.
cloud-init[651]: |      .=+o.o . ..|
         Starting System Logging Service...
[   12.532897] cloud-init[651]: |     . .=..     .|
[   12.533637] cloud-init[651]:          Starting Virtualbox guest utils...
|      oo.+.      |
[   12.534906] [[0;32m  OK  [0m] Started D-Bus System Message Bus.
cloud-init[651]: |     o..+o.      |
[   12.538190] cloud-init[651]: +----[SHA256]-----+
[   12.545977] cloud-init[651]: Generating public/private ed25519 key pair.
[   12.548529] cloud-init[651]: Your identification has been saved in /etc/ssh/ssh_host_ed25519_key.
[   12.553313] cloud-init[651]: Your public key has been saved in /etc/ssh/ssh_host_ed25519_key.pub.
[   12.555820] cloud-init[651]: The key fingerprint is:
[   12.557401] cloud-init[651]: SHA256:NM3iFv/SIm/nljucJNT+TBde4u9ixZ6lz6GZ9PIxaM4 root@ubuntu-bionic
[   12.558857] cloud-init[651]: The key's randomart image is:
[   12.560004] cloud-init[651]: +--[ED25519 256]--+
[   12.560958] cloud-init[651]: |                 |
[   12.561751] cloud-init[651]: |         o       |
[   12.562869] cloud-init[651]: |        = o.     |
[   12.563973] cloud-init[651]: |       o =. . ...|
[   12.565294] cloud-init[651]: |        S... ..oo|
[   12.566413] cloud-init[651]: |       .  .oo +.=|
[   12.567362] cloud-init[651]: [[0;32m  OK  [0m] Started Regular background program processing daemon.
|        . o+oX Xo|[[0;32m  OK  [0m] Started irqbalance daemon.

[   12.570686] cloud-init         Starting Snappy daemon...
         Starting LSB: Record successful boot for GRUB...
[651]:          Starting Login Service...
|         o.o%.@o*|[[0;32m  OK  [0m] Started FUSE filesystem for LXC.

         Starting Pollinate to seed the pseudo random number generator...
[   12.579381] cloud-init[651]: |         ..+oEo*+|[[0;32m  OK  [0m] Started Deferred execution scheduler.

         Starting LSB: automatic crash report generation...
         Starting Permit User Sessions...
[   12.593817] cloud-init[651]: +----[SHA256]-----+
         Starting Accounts Service...
         Starting Dispatcher daemon for systemd-networkd...
         Starting LXD - container startup/shutdown...
[[0;32m  OK  [0m] Started System Logging Service.
[[0;32m  OK  [0m] Started Availability of block devices.
[[0;32m  OK  [0m] Started Permit User Sessions.
         Starting Hold until boot process finishes up...
         Starting Terminate Plymouth Boot Screen...
[[0;32m  OK  [0m] Started Hold until boot process finishes up.
         Starting Set console scheme...
[[0;32m  OK  [0m] Started Serial Getty on ttyS0.
[[0;32m  OK  [0m] Started Terminate Plymouth Boot Screen.
[[0;32m  OK  [0m] Started Set console scheme.
[[0;32m  OK  [0m] Started Login Service.
[[0;32m  OK  [0m] Started Unattended Upgrades Shutdown.
[[0;32m  OK  [0m] Created slice system-getty.slice.
[[0;32m  OK  [0m] Started Getty on tty1.
[[0;32m  OK  [0m] Reached target Login Prompts.
         Starting Authorization Manager...
[[0;32m  OK  [0m] Started LSB: automatic crash report generation.
[[0;32m  OK  [0m] Started Authorization Manager.
[[0;32m  OK  [0m] Started Accounts Service.
[[0;32m  OK  [0m] Started Virtualbox guest utils.
[[0;32m  OK  [0m] Started LSB: Record successful boot for GRUB.
[[0;32m  OK  [0m] Started LXD - container startup/shutdown.
[[0;32m  OK  [0m] Started Dispatcher daemon for systemd-networkd.
[[0;32m  OK  [0m] Started Snappy daemon.
         Starting Wait until snapd is fully seeded...
[[0;32m  OK  [0m] Started Wait until snapd is fully seeded.
         Starting Apply the settings specified in cloud-config...
[   14.833567] cloud-init[1086]: Cloud-init v. 19.3-41-gc4735dd3-0ubuntu1~18.04.1 running 'modules:config' at Sun, 19 Jan 2020 11:24:08 +0000. Up 14.54 seconds.
[[0;32m  OK  [0m] Started Apply the settings specified in cloud-config.

Ubuntu 18.04.3 LTS ubuntu-bionic ttyS0

ubuntu-bionic login: ci-info: no authorized ssh keys fingerprints found for user ubuntu.
<14>Jan 19 11:24:13 ec2: 
<14>Jan 19 11:24:13 ec2: #############################################################
<14>Jan 19 11:24:13 ec2: -----BEGIN SSH HOST KEY FINGERPRINTS-----
<14>Jan 19 11:24:13 ec2: 1024 SHA256:EmJzxeXe6Wyn0LSnbu/0JYQaG1UHvUJGve2oGMrlJC0 root@ubuntu-bionic (DSA)
<14>Jan 19 11:24:13 ec2: 256 SHA256:+8hrRyGVQ/K7oSQBS/N78D5qRuXhVlM95z4IyKFXhHs root@ubuntu-bionic (ECDSA)
<14>Jan 19 11:24:13 ec2: 256 SHA256:NM3iFv/SIm/nljucJNT+TBde4u9ixZ6lz6GZ9PIxaM4 root@ubuntu-bionic (ED25519)
<14>Jan 19 11:24:13 ec2: 2048 SHA256:q8aDLTvvXms7beeWvyiuR+NPJSFx5bbhsNvCPVoK1fE root@ubuntu-bionic (RSA)
<14>Jan 19 11:24:13 ec2: -----END SSH HOST KEY FINGERPRINTS-----
<14>Jan 19 11:24:13 ec2: #############################################################
-----BEGIN SSH HOST KEY KEYS-----
ecdsa-sha2-nistp256 AAAAE2VjZHNhLXNoYTItbmlzdHAyNTYAAAAIbmlzdHAyNTYAAABBBLJs96lKmyEL9U89mMK1tacZusbhMsqJ7A7vpUFukEV9t4DpWVFxLUooVO3LAVIws94MZREQR7RwQu1Dzec5HK8= root@ubuntu-bionic
ssh-ed25519 AAAAC3NzaC1lZDI1NTE5AAAAIODxR09pFdUoxPUfXs/kuoODfNIbMk3eriM3DepUCgpr root@ubuntu-bionic
ssh-rsa AAAAB3NzaC1yc2EAAAADAQABAAABAQDKVrp0IFeB2Hu/ziona86cupBqWFwaRqYUVYvXSDagA0cnJCP9WSvEXkdVVQUJc3HOTxqtZ0HpMSDCt73NUSzl5ccw76KXVn7Ogs7KcrWUAXcOFQsRCGbX6TybCn7bdf3FpLocjRVp9gTxr6XK3wuLOKCU+nW7+LLJTkXv0CXbYe7QsXMJysquYGa6FnTbl3NnCB9v0EPLG47KICfpAf+z7Ct5bMg4m80Be79oeQxGOz1TFJgJoofrIPWMHbD1RDeNtDhBazJ8IgFHIZpuzmVpOeyYnQwQTfHQTmLp6Tlc7EQDuw/aZb8Izg04aW8v5CEeX5o99GyzueHCnG/svrC/ root@ubuntu-bionic
-----END SSH HOST KEY KEYS-----
[   19.459591] cloud-init[1170]: Cloud-init v. 19.3-41-gc4735dd3-0ubuntu1~18.04.1 running 'modules:final' at Sun, 19 Jan 2020 11:24:13 +0000. Up 19.26 seconds.
[   19.461114] cloud-init[1170]: ci-info: no authorized ssh keys fingerprints found for user ubuntu.
[   19.462562] cloud-init[1170]: Cloud-init v. 19.3-41-gc4735dd3-0ubuntu1~18.04.1 finished at Sun, 19 Jan 2020 11:24:13 +0000. Datasource DataSourceNoCloud [seed=/dev/sdb][dsmode=net].  Up 19.45 seconds
